grep: /home/alessandro.gremes/git/PARCO-Computing-2026-242330/results/seqResults/benchMarkingCache/cachegrind_1138_bus_run1.out: No such file or directory
grep: /home/alessandro.gremes/git/PARCO-Computing-2026-242330/results/seqResults/benchMarkingCache/cachegrind_1138_bus_run1.out: No such file or directory
grep: /home/alessandro.gremes/git/PARCO-Computing-2026-242330/results/seqResults/benchMarkingCache/cachegrind_1138_bus_run1.out: No such file or directory
grep: /home/alessandro.gremes/git/PARCO-Computing-2026-242330/results/seqResults/benchMarkingCache/cachegrind_1138_bus_run1.out: No such file or directory
grep: /home/alessandro.gremes/git/PARCO-Computing-2026-242330/results/seqResults/benchMarkingCache/cachegrind_1138_bus_run1.out: No such file or directory
grep: /home/alessandro.gremes/git/PARCO-Computing-2026-242330/results/seqResults/benchMarkingCache/cachegrind_BenElechi1_run1.out: No such file or directory
grep: /home/alessandro.gremes/git/PARCO-Computing-2026-242330/results/seqResults/benchMarkingCache/cachegrind_BenElechi1_run1.out: No such file or directory
grep: /home/alessandro.gremes/git/PARCO-Computing-2026-242330/results/seqResults/benchMarkingCache/cachegrind_BenElechi1_run1.out: No such file or directory
grep: /home/alessandro.gremes/git/PARCO-Computing-2026-242330/results/seqResults/benchMarkingCache/cachegrind_BenElechi1_run1.out: No such file or directory
grep: /home/alessandro.gremes/git/PARCO-Computing-2026-242330/results/seqResults/benchMarkingCache/cachegrind_BenElechi1_run1.out: No such file or directory
grep: /home/alessandro.gremes/git/PARCO-Computing-2026-242330/results/seqResults/benchMarkingCache/cachegrind_consph_run1.out: No such file or directory
grep: /home/alessandro.gremes/git/PARCO-Computing-2026-242330/results/seqResults/benchMarkingCache/cachegrind_consph_run1.out: No such file or directory
grep: /home/alessandro.gremes/git/PARCO-Computing-2026-242330/results/seqResults/benchMarkingCache/cachegrind_consph_run1.out: No such file or directory
grep: /home/alessandro.gremes/git/PARCO-Computing-2026-242330/results/seqResults/benchMarkingCache/cachegrind_consph_run1.out: No such file or directory
grep: /home/alessandro.gremes/git/PARCO-Computing-2026-242330/results/seqResults/benchMarkingCache/cachegrind_consph_run1.out: No such file or directory
grep: /home/alessandro.gremes/git/PARCO-Computing-2026-242330/results/seqResults/benchMarkingCache/cachegrind_gupta2_run1.out: No such file or directory
grep: /home/alessandro.gremes/git/PARCO-Computing-2026-242330/results/seqResults/benchMarkingCache/cachegrind_gupta2_run1.out: No such file or directory
grep: /home/alessandro.gremes/git/PARCO-Computing-2026-242330/results/seqResults/benchMarkingCache/cachegrind_gupta2_run1.out: No such file or directory
grep: /home/alessandro.gremes/git/PARCO-Computing-2026-242330/results/seqResults/benchMarkingCache/cachegrind_gupta2_run1.out: No such file or directory
grep: /home/alessandro.gremes/git/PARCO-Computing-2026-242330/results/seqResults/benchMarkingCache/cachegrind_gupta2_run1.out: No such file or directory
grep: /home/alessandro.gremes/git/PARCO-Computing-2026-242330/results/seqResults/benchMarkingCache/cachegrind_pwtk_run1.out: No such file or directory
grep: /home/alessandro.gremes/git/PARCO-Computing-2026-242330/results/seqResults/benchMarkingCache/cachegrind_pwtk_run1.out: No such file or directory
grep: /home/alessandro.gremes/git/PARCO-Computing-2026-242330/results/seqResults/benchMarkingCache/cachegrind_pwtk_run1.out: No such file or directory
grep: /home/alessandro.gremes/git/PARCO-Computing-2026-242330/results/seqResults/benchMarkingCache/cachegrind_pwtk_run1.out: No such file or directory
grep: /home/alessandro.gremes/git/PARCO-Computing-2026-242330/results/seqResults/benchMarkingCache/cachegrind_pwtk_run1.out: No such file or directory
grep: /home/alessandro.gremes/git/PARCO-Computing-2026-242330/results/seqResults/benchMarkingCache/cachegrind_rma10_run1.out: No such file or directory
grep: /home/alessandro.gremes/git/PARCO-Computing-2026-242330/results/seqResults/benchMarkingCache/cachegrind_rma10_run1.out: No such file or directory
grep: /home/alessandro.gremes/git/PARCO-Computing-2026-242330/results/seqResults/benchMarkingCache/cachegrind_rma10_run1.out: No such file or directory
grep: /home/alessandro.gremes/git/PARCO-Computing-2026-242330/results/seqResults/benchMarkingCache/cachegrind_rma10_run1.out: No such file or directory
grep: /home/alessandro.gremes/git/PARCO-Computing-2026-242330/results/seqResults/benchMarkingCache/cachegrind_rma10_run1.out: No such file or directory
